MPLINK 4.38, Linker
Linker Map File - Created Sun Jun 11 15:21:03 2017

                                 Section Info
                  Section       Type    Address   Location Size(Bytes)
                ---------  ---------  ---------  ---------  ---------
                   .org_0       code   0x000000    program   0x000000
                   .org_1       code   0x000000    program   0x000002
                   .org_2       code   0x000004    program   0x000078



                              Program Memory Usage 
                               Start         End      
                           ---------   ---------      
                            0x000000    0x000000      
                            0x000004    0x00003f      
            61 out of 8454 program addresses used, program memory utilization is 0%



                              Symbols - Sorted by Name
                     Name    Address   Location    Storage File                     
                ---------  ---------  ---------  --------- ---------                
                    delay   0x00002c    program     static C:\Users\Kevin\Documents\2016-2017\PIC\PropellerClock\main.asm
                delay50ms   0x00003a    program     static C:\Users\Kevin\Documents\2016-2017\PIC\PropellerClock\main.asm
                  display   0x00001f    program     static C:\Users\Kevin\Documents\2016-2017\PIC\PropellerClock\main.asm
                  endword   0x000036    program     static C:\Users\Kevin\Documents\2016-2017\PIC\PropellerClock\main.asm
                      isr   0x00003e    program     static C:\Users\Kevin\Documents\2016-2017\PIC\PropellerClock\main.asm
                     loop   0x000014    program     static C:\Users\Kevin\Documents\2016-2017\PIC\PropellerClock\main.asm
                    loop1   0x00002e    program     static C:\Users\Kevin\Documents\2016-2017\PIC\PropellerClock\main.asm
                    loop2   0x000030    program     static C:\Users\Kevin\Documents\2016-2017\PIC\PropellerClock\main.asm
                     main   0x000005    program     static C:\Users\Kevin\Documents\2016-2017\PIC\PropellerClock\main.asm



                              Symbols - Sorted by Address
                     Name    Address   Location    Storage File                     
                ---------  ---------  ---------  --------- ---------                
                     main   0x000005    program     static C:\Users\Kevin\Documents\2016-2017\PIC\PropellerClock\main.asm
                     loop   0x000014    program     static C:\Users\Kevin\Documents\2016-2017\PIC\PropellerClock\main.asm
                  display   0x00001f    program     static C:\Users\Kevin\Documents\2016-2017\PIC\PropellerClock\main.asm
                    delay   0x00002c    program     static C:\Users\Kevin\Documents\2016-2017\PIC\PropellerClock\main.asm
                    loop1   0x00002e    program     static C:\Users\Kevin\Documents\2016-2017\PIC\PropellerClock\main.asm
                    loop2   0x000030    program     static C:\Users\Kevin\Documents\2016-2017\PIC\PropellerClock\main.asm
                  endword   0x000036    program     static C:\Users\Kevin\Documents\2016-2017\PIC\PropellerClock\main.asm
                delay50ms   0x00003a    program     static C:\Users\Kevin\Documents\2016-2017\PIC\PropellerClock\main.asm
                      isr   0x00003e    program     static C:\Users\Kevin\Documents\2016-2017\PIC\PropellerClock\main.asm


